(((((("kSX1N")==("5rcRoqA"))==("SJPOLGXHwCiEheLwdH6O"))&(9323933))&(((((("zuSj8F0zdpe")*(4))<=("B7nVkEjqUY"))<(((1)-(OJsJ7kzm7fGj))+(ce0AgneIp)))>=(yU))>(cAsCTr)))||((!(Pi5Cm49vmC4j))<>(oILIUuOOp5)))
(((("AWf9nihja1EwNIl")==(7262027))&((((gQw3pLlOHRtRx24g9OX)%(z3cCj9AxQBAm))*("r73mLkOjcpzdo8"))<>((121313)-(95252))))^((2)&(("oeeFVgPAM521zEi3C")<>(((LUa7v0Ria)+(!("WWAD5Id1aOxTSTZX2lxD")))<("Ow")))))
(((("eAwPhjTao0rUlLOHY")==(BwNZhSBc79s))|(((((5)>=(ixuSNn0s7r9p7))^((Ak2Ot1C)<=("Yww12oE112tDdLIeeu3")))^((("n")>(94448))<>(2424142)))^(("i6QU2mBgHH0Gd4pQEB")<=(YtBTdI1BqOwjLJXZDlTBN))))&&(((aH8h)%("HZKcQ0egu"))^(((0)+(S9Jj33aD56WGSz))>=("ze"))))
((((268)|((((mzyuy)>=(1787075))>=("fCTc"))<>((74448)>=(89495))))||((FHY)&&((SsVGOL36Y9RAdMvxfh)^(!(g8CnE8wFX7EVjVIC)))))||(((0)|(((9111514)*("1YerTRZ"))&(ic0OchRtXqQnGL)))|(("4")<>(6))))
(((((((5575251)%("vESyU0SdUeQTCsr"))+(DDxPwRhlQlePEHW38))&(zUVGqfFej2GNFxCGSlcq))&&((M8bCKtahVFF)<=(SdH5IW)))||("64aHQK"))||((((("elMVCjLFGwv3gKH")<>(A8fVO4QaIHeFo))&(((730)==("XLD"))==("x6k5qGPm")))^((9)%(LBeIfzaKLUPTz0EzF)))&&((8232924)+("TscfYPaV7"))))
(((!("WZKNGM8hoG7eQw7"))<>(((("sjVQ6MA")<=(861))<=((0)*(!("3ZlqlLAUW6y78pl"))))>(73531)))<>("L0CEeEl0K3pt67v"))
((((2929696)&(j6rdWJRMZNzW4KT))&(iYJ09uO6WfRR))|(((("sovna8xnHUJgFaWho7wJ")&((((DTQXPQd0CUY)*(nocHceGcdYf2))>=("BQSxoFWWRrlRDs"))<(J5ahrC2)))&(yBD))^(((((VAc3nwCpD73IQsEFkV)<(!(zbtz5)))>=(yRtUHfW))==((CEgs39G0cqT)<=(0)))==(CvRRNbgMZz0qbiJ8yZyX))))
((((((39297)*(5454547))^(9868985))&&(((yAPsJ2QmA7TGqycBGeIP1)|(4))|(cbqfhUJeV)))||(((2363738)<(Ku6swHmazKtFEV79lEf))<(AlNyjWS3fB2AFV4vVXu)))||((("Ra0kHPUYWeNEeg0tHFes")<>((((985)<=(("ixLU6")-(2959391)))>=(c4UpIQvEtWnYe))<=("tICS7LDwJkXf5hz")))&&(1484748)))
(((((4252525)|(("VHTRoWqGCt")^("ye")))&&((((sWjBMpDTAkUH)<=(!("B9zSg9XnihmGcNi6lJA")))>(550))^((3868686)<=(7))))&&(("CG1R29s8tvWH7")^((("cXdo20x1ngaQ0BwdY9Rc")-("UvHwqn4xVj8hz"))<>((!("p2LP"))%(757575)))))&&("L6"))
(((((oa1mkkGMe2E2)*(630))|(92822))|((((YQUtXhNYlvZFl)*("NM"))^((41911)<=((("qLqJZjXa")*("Jz1"))+((oQw2k17pkKPdRb6a)%(yM5jrvhQ4j0lc)))))^(((34140)>=(AJoFX2ns))&(7363437))))||((G0l7pw2EeeZKf)&&((15155)<=(72))))
(((((!(Dg12j39tlgox))==(ZGgCdVaQ8Hmx))|(((lw9wHqtOiUCSxAbSROeI)-("RBew0TuzsijTTYW8Q"))<>(CBcvGSq)))&&(("qQxVaQGb1fycxQ5oadC")*(C1eCZt26QCEZ7q2ZNne)))||(((((88184)<(cgj6AmwP))<=(!(3909499)))>=("Es"))<=((("sX5Me")-("MHwiqlSmyozDhoKg9"))-("zDd3p1KIVc6EeUdhKThJ"))))
(((("Fc0zhVB73Cn")&&(zxqTNaF5xRDrXY))&&(((JCANP)-(e6Qw1ldhxgKnfW7YTTQs))-(((udEEND0F9zrYJDKNLtq)*("s7N4x3YSamS"))%(444))))&&((((((672)-(RidADr5W))>(9))>=(xQ3DjYgYGLfCVW8yVRGwk))<=(vVBoz8f9sQs4gN2aS5H))^(aFibGI)))
(((7626763)<=(kr9wJPNCDBDan))|((((((((w3WzFHhFR6OQVM)>=("KFccjt3LxvSacv"))>(("CH5wRaWgnTdoG")-(("JLF7cBYpedyG964neNId")*("5"))))>=(AYEzDDDFwGbtQ4lV60u99))>(116))<(((375)+("OZWBWBgI3ZiI"))+((Xyg)%(233))))>(("xA4I")%(aR67ck5sJaw)))<(D8FVOAJSY4)))
(((!("B0rua76n8ia"))<=(66963))&&((("bs7yMng7gCG1X")%("H7VGhfM5LZgzJPcWsaZ9"))%(3444642)))
(("Mz9WcooPkEB9")||((!("Z"))<(((eKDD1NlLw2Akw)-(979))+("6hGitYYRG0OIjmttnXSc"))))
((((("TBtHhWCN")*(D5of3TCPHzLpWdG84FMqc))<>(((893)>("TovA5miCU7"))>("BWtTHAZphwJXXI")))==((5646568)%(mHeTyYIuPLCy)))||((((G8RvDY8X6wIVpi3D)<>((!(66))>=("R2XVXpLSUOz")))^(WQZI0za8lu11VV0RcHyj))^(((4)*(yrwZG01fy2LaSa))<(upmCnsSs))))
((71517)||((((("KwUndllKRs")>("X7H74OVTPd1Rhf2Te7b"))|((((ePI4YYi4o)+("1vWwyhmc2EmyhTbk"))-("np4F2DGVomx"))&(("buuCp89anLISagL4h2WN")-(932))))|(((!(52324))^(("2s1UC8vsLtTfppNT0C9")-(8)))^(ct5WnfLyFymaHzCt)))&&(((rOu0MBdNIkK)*(Qn7tIH0dCt86))*("H783E7lmx3pCgL9"))))
(((!(F5K))&(((51113)*(95353))<>((((((6161517)*(!(lL0)))%("i"))%(160))<=((KKH)-(2969996)))>(793))))|(((m13Bxsxp3)>=(Kzk1Q39mzoP))^(UjR1M30F)))
("p1gU")
(((((48483)%(816))<(85359))|((3868383)==("emLoACddF9U3ajZkp8kT")))||(((7414548)==(eki7RnAA306L7DElRy))&(("ZrmyTpnmyke")<("SaR7A"))))
((((("PdkyiEQ9TYyNPo2f08")>=(OXjBMzR3DrpMQnB))<(YAWKTTEhAZxMBCKFzGr))<("l0JgkmUlWlQTByWmKrK"))&&(((wBY8n4kCj6Tc3714)-(("40iI7HznMZqY7SjTbpz")%("Agn3")))>((0)*(mG0w6G2n2bykKSTV7k))))
((((!(gUIYFF2n9dJVM1GVy))>=("smekdpK2AHh"))<=(x6jH0wVly4l7))||(((6484047)*(IgQUVOUg3CJGLy))==((LW7AdRcH)<=((dr6VZOdQRjE2z)+(39296)))))
(((((3)==(("Zj9rhzy1SdJCTMb")>(FZtdqnyDnHcsQ4nrLGO5)))==(((VT2zJ)%(ne8MQnimWgQqv))>("m99s4FVSLlfLCbd")))^((JiYTP4t)&(435)))&&((((891)<>(bhIalSs))<>((("nfZvX4nqpe8rJTHdP")-(Srw9WEF))-(Ez1S7pYkQjK)))&(("llRwVzV")<(giI9c))))
(((((57879)<>("Ka1wWK7cyyoniJaCAhS"))|((((zlpTRH5xh)+("ko"))-(595))^((((((Wp1pi2Tf)%(8))>(32026))<=(837))==("4SRwtfqVsyghti"))&((("Vlief")*(gjb1vnt))>(Ll)))))&&((dYMHT8wm)==(6)))||("AvzU8NLj8qtAFEs"))
(((((("kLnypwDaclNJRGP")-(5313431))<>(("YZ4g80PqgU80pj")*(212022)))|((((1929292)+(6))<>(8373530))<>(4540)))&&(((415)>=((3)*("VWNwd5")))&((((7898880)>(TKeDnDb8l45W5))<(ksjUgI30JU9KwSn))<>(4))))&&(vw))
(pX869q)
(((("bctpHGTuT6")*("KrCe6U1Ie2UWCxe1"))|(((!(Ckl))<("YFSnHLC"))&(ilOexGpihBmK)))||(((240)-((2444546)*(641)))&(("85vRJ06mwDfwmn5A1HQ")<>(615))))
(((((kDaTJGdZaq0E1t6WeO)<(BlXnjNhw))<>(hLyZdVbN9RVm2Sdq1H))<>(40))||((((!(BABYLXTIRvTtJ0sbkp))==(89595))^(9))&&(((7)%(34544))==((((awJHh)-("9MlfqGeV"))-(2737671))+("ArpxJ7Booi")))))
((((("Qjx")>=((919)%(6)))&&(("Y")&(46461)))||(((RYjLLfj)%(349))==(275)))||((((vPUZMqroFtAGl3JCP)<=(8575259))>("epjRNf6t07Lo"))==(UwZ8adl)))
((((("H0Tx")<>(2919192))&((((fwrFMBM6t2uhBD5Sp)<>("B8z"))<>("vbPrP"))==("YJ")))&&(((("1Qu")+(6))&((!(564))<>(545)))|((51819)&(7))))||(((5959896)+(386))&(J4jNs31WrKNI6H)))
(((((("2ZwKojhV")+(921))&(RwTQU8a))&((((XANM)+(wUl1ztNuzw2ojhB6))>(d5xWokAqQ))>=(qqXO0tFAp0bI54)))&&(((3303534)==(MPUj8PlOgdbUwZP))<>(xMDyfBSEKl)))&&((IRYyDIcie0zMf)+(!(885))))
((((FptMz63i9sCj4msloMLzv)%(LKTizCb))^((("bQgbFmzuDSynv8j1Q")*(LWsH2))*("wB3NBGKgi")))||(((4646266)<>(((6864)<=(xbfGMMfp9vNKHK))>(542)))|((("wglIKex5Lu5oI")<=((2464644)-(("Ik5Q7oD7QFRA5")%(!(myCIMhE)))))<=(938))))
((((h732YA68Od3)%("OfRfHjsbsuGtAYyFQWj"))+(CpRz))&&((((exG4NP)<=((1)-((cTlLLqRwDtcCD3o)%(tWz4ML))))|(("xyeBs7X")&(((("S4DzHTH8nUKv9r")<=(j2P69j))>=(((wKDF)+(3434743))-(cdZ2XV9eNkBysMkhVel)))==(11))))|(("3GFuGi7eK80mLd6WA")<>(2))))
(((("Yld5hskH")|((sRmZRv6XWXMPr9W)==(((nA1I)%("gxEcUUxzkFTlIO"))-("AqPGvXyDkfb4BJsX0jwt"))))|((((5595856)*("kqzaKTswZU8vclbGC"))>=("5ARMhfxl5hiNI6k"))^((("F7tSUp6o6nEd7mCeWE")>=("FERgJqF"))<=(!(597)))))|((("4LK6UcuGt37yniIK2")&(("avU")<(MNgGNi8Hb9ozXgFR)))&(ek1M2MLEfgMfeGFzCseW)))
((((183)&&(((IRXphapm40RgBcBfC)%(x4xN5qqckBCCp89dRwj1))+("nh37kkiU86xQ3y600Zc")))&&((OOiO)*("YAEEopBg2xwSHF3GL")))&&(((("aMFQMofRylxMFVYzT6")<>((QmG73gN6DYbLL)-(8202120)))^((("OdbkZJAgnlk")-(515053))>((acIe55sk1xsjhAsjRVe)-((91913)%(utKGdi11WPEz68ZTom2e)))))^((917)+("6fzEg3D0a4E9SJg3jXl"))))
(((((((yhFE014vdEN)>=((0)+(970)))==(((8939592)*(KnxBcrWCz1d))*("yTdbJDZvL63zV4JpEG")))^((vP0wEDJIK3MGV)+(1)))|(ffb7c15Tu1X17))&&(((278)>(("0wUow4XWdBBhSRoOdr")%("NXqKVnsK")))<(Pfb4SXR)))&&((712)>=((9525855)%(XtiJnPU))))
((((RMpT)-(!("qnNAwFQ")))<>(("Gaa81sEUSUhqDx")%(8969095)))&("scZR3"))
(("wGNRQXSNB")&&(((10)-(!(oLrSoIlTrD9TQ)))<=(4767372)))
(((((!(L5EkAlW0h4W7WAt2V))<>(3949597))<>(("vy9Q")*(TuNHHsG)))^(("rigd")%("QIOe")))||((((((7595354)+((We9tdkQh9gL8gJ)%(96862)))-("Ex9cHqNWM"))^("cL"))|(272))&&((O6yr7n)-("Pa"))))
((((("Vz")>=("1swjTVm1B0l2"))^((HXckwJfFaZUTR)&((dCybnbdjqnjwR)<>((79393)+("7HrishaF")))))&&(((240)<("ziesMQh83Ks"))&(79)))||((RW160z5yzc3JpWjD6o)^(((("dvj")<=(1797374))>=(!(834)))>(567))))
(((((("OUGgxJUrHy8J")%(s65sD0Ml))==(("f6ixbJ3eajJv5L0lg")<=((aJSvt6K)*(6))))^((yLRxf)>(MA86280V4pfPqG)))&&((297)|(((2)<=((7)+((866)%(mDQ6VTByqcV))))^(6727276))))&&(((321)-(877))<("AXmNs")))
((((T0NYT0OOREsM)^((((OsemjKBhc)%(1))*(2))>((FEsrfrNEN7f8OsAxYOd2d)*("dfjPdfAcWYcPR4cAwpJ"))))&&((((("au7T2p8ProjgGXQE")%("ws63aVDFmWSjyTzSKgtc"))>=((54247)%(0)))>=((lvrOZ4K47WmVnmuqN)+(QiVbm)))|(lpNkAsM)))||(((2)|("9k"))|(7272224)))
("bi64uL59kBsXWtjXq")
("6USZOtFjUSwf3Huv")
(((("r0I0DP8bwXv")<>((((ByXDWRevbe)<=(Ke))<=(((53130)+(521))-(875)))>(3303339)))|((("8xBgOLaBUkGHhC1")-(c3lDf9Jr5MRmkbFg))<>("P9ZqZivZVqG9SvLGB")))||((("Fsh49p90")&(8191718))&&(EJW0Lu7)))
((((((((!(!("WDWGzP3FCZ4C")))<=(Ob4piMMc5szpmku1qJ6B))>("FSwilMf9IKFTAekv"))<>(7))&(42126))||(((3424742)<(VqVUtq2ydVAh))>(8)))||("40WmiMxIW"))||(yePTLEqcmABsEQyhyQ))
(((((LN3tugLawPVpp6j)^(4666961))|(("0dSYK")^((((((684)<(787977))>("Q"))>(1919495))==((("NEkpLWDLC4jTYIrV")+(IyB527woVANIY))<=("w1tpQnlFIfjP2IS")))<>("k0z"))))||((((42720)+(318))+(1828985))<=("QxO")))||("AQ"))
((("SHSR8B0prMZA5nO")^((HNjIg0BANGu88tZI8Vt)>((Ja3J7oWIGF4C41FKnVN)%(HL4Kt0kg7rUhAEAQ5v))))^(((526)>("7evd02En0"))&(((((!("8d3ef5"))<=(67072))>=("1VF5OL"))<(Lnz4o))<>((dELVb9o8VyMfApe5iR4WT)>("uBIxxdDIMz")))))
((((793)>(3))^(((9)==(59098))&((((("DHMBKQ")+((2919995)%(PqeX4kO6HjlmS)))<>("t3nzvNXuGApCTv"))==(!(k5eqYypgZxqy)))<>(8))))||((15857)&&(((oPic7qfqrELy0)%(oP1VZOLyx0v7hSmbdsrsE))%(bHBjHc4MpyxCcv1c5Cb))))
((((("zYWXtgn0Udkpm7xS")<=(96760))>=(Qw078Mgvzn19L3Z))||("kxd"))||(((("qAfS5LDSF0BpvvRVjh")<("Pe37qVXOd6k7"))&((1)==(x0lII)))|((((NvvuCY)&(gsp8PzKfl8OLGhp5))^(("ovo4kwtCF6kl")<(nQkYonBmVGODz5a2)))^(mOjfaTW))))
((((7279)&((kPUQqzuLdl9UbueD)<(((8888189)+(rFzoiBO7dYW))-(7616461))))^(((vuQFBesohdiEOP)>(Ddc))==((FAvcNguws8ZdW1o4Hq)>(!(ZuRbM)))))&&(("VY97y")&(((N5qb9hp84)>("FuHEx"))>(Scpi))))
((((3181110)<>(("0JBolA94lvdRRq")<=(7)))|(!("bLJtqHKNQj5J07m")))||(((3338)%("aed3P"))^("sJ21")))
(((("z")>=(((11218)-("O"))+(ALwM0WB5H)))==((3)<=(375)))|(((((("7IO")-("81DxoutOc70A5rRCz"))<(!(2606965)))<>(98383))==("WFMraCTohcYo"))^((("6YNZIjnEL1i0")>("Bwqa2fWlY2NlU"))>((Dfrftl6qRVn)%(mSd7e6IpxOUhkaZ)))))
(((!(gUrsR))&&((("Wt01Yt4UdxdA7L")==((8)>(!(786))))^((9808184)+("3EtBUU"))))||((((792)==((eeUm0KIl7SfMyxoK9D)<=("kdqpVdWADqzALVgiML")))==(fyN17TrFQk2FQ8OAdB))^((oKYgzF0u)%(WsVQEmfyTJ))))
((((((!("8mIpZRT6QfcwT8hH"))>("0khPGPxq87ux"))<>((((363)>(("vIIF01Rf8kniErRRO")*(yFPcCuFJCAkSg)))>=("sp3jq"))<("5aW3tl9myzeJlLzV")))<>(6313330))<>(ouQt8KIZ))||(((hQEK9r0tDjWenku9vL)<>("tdcmy6hb7i"))&&(("XHWRZZT4TICZK")-(452))))
((((((("MYXqn34Nvmskb")<=((FMHFKOi7p69N8l)-(wzkTIuMBj0)))>=(s4x0Dp4D4ggRhQ))<(ccOX4FLWcllUFVlRdevn))>(("x0n9CEHWPOOBXjM7VpHe")*(8232323)))|((lS7UhpL34DSxjja)^((!(3212521))%(34447))))||((7)&&(FlC832xQbhLLbl)))
((((!(QtMiP))<=(yJC3XSoPd))&((f1RXw6)-("Xal")))^((((((4)%(0))*(63237))==(c3QifcxCvXmAFjCQX))<>("VLo1tJyOv9Rmo5bD"))==(((29392)<(id9rUx2WMxeDHuBDq))<(KuJK2yhkSe))))
((("LD87exYePjgxiR")|(((6272427)>=(("99nR")-(cFOmlq)))==(((((((OZwDiFM3qwoJvIxUiQ)>(LuTym))<(("gf")+("wH2ricYXCFM5liq")))>=("Zmiiwx0TtBtMMl"))<(zd))>=(VawffFdaq))>((!(92329))-(57479)))))|(679))
(((((5)==(("8dhGQ4KCA6jSYk6IT")-("WBGTx1NpBJk7bHqGT")))||("TH"))||(63033))||(((((656)*(785))>("58uOoccPQzyLwwfU"))|((((("PYg")>("BHFAZCZDNgH4QWzz"))>=(RHLnDC57IIYIQNSe))>(("ESZzpD")+(423)))<>(("PSG9")%("Mfw9"))))|(4797679)))
((((RQWju3xVBEklVX2Krli)<=(Eh))&(("MZatvjyh")%("vRIAcsTnuTVpuWZh8")))||((((!("SRA9knUwsgylkfv4K"))&((30)<>(UEbsBpuSGItOdQP12OMn)))&((XzecjWirrmXod)>(7)))&((269)%("ggRtUxsuxM17Bfs"))))
(("b8NI2j")||((!(Uq7Aq7sKD))&&((((qv)>=((97875)%(gkhkjXNnpgg)))<(((59794)+(("JYA")*("DKweKJP4DKm9QK")))+(uqVwXR3YlaFn3Rh)))<>(((93)*(7262023))-(HRrHQa4f3u)))))
((((((3818189)*("ulYs4PG"))==("9nmpAOaamGNy5c"))<>("PHGv9cx4eU"))&&((((329)>=(((DKz5UAKWk1zzH)*("Ul0fhe3Gu"))%(722)))<>(((TPy)+("qZtQi"))>(26665)))&(3212228)))&&(((626864)>(153))>=(!("LLGf2H"))))
(((((!(I7fKTjkyV3VZmFaxD6Kb))>(91210))>=(8585652))^((((("LrfV9JVJ")>=("bB60ApVIjs8ybFAJeB"))>("XEknCPI8KCiHz"))>(!("jMMuDmenX2")))>(6)))||(((KrbGdsiCtQpzhfHMU9)^("hQCH4iWN9yQv8qte"))|("4eKb2UL")))
((((((("VtZi")>=(4828680))|((((S7dHJAksZ)%(974))==((13)<=(!(216))))&("qiDHEmrZl6I")))|(c2OvuMjrjiWoV))|(xF2l5k7jbdkNK8UwaXU))&&((("c2Vn")|(("Igrk")==("9G7db94BLqkBvjeGuSn")))|("1Blmiw0pWyPEh")))||("UMpaZZz9P7gpCCLkQ"))
(((("U0vTK")-(y1n2R8njw))&((((!("BGXCb1lWu"))>(tJP8))>(I8sE8ujdIUt))<=("yG3UA3U8vEUDluERi")))|((((("XJq")<=("sGO6d5wrK"))<(((("6oYPQ5wuCPE2")+("p"))-("Qbn952KrcFto3"))-("Lda3fG5tfs")))<>(("wYkccYTolmFNWYgI")>(2)))==(772)))
((((rfjen5gfFuFYLOJaRboP)|(((((14949)<>((89)>(("Jpnl")%(2))))==((("TIKbz46")-("dignv51"))-(QqX8ZOCdk)))<>(((!("wGTsjmObVtvI"))<(55555))<((6898880)%("c4Ly3pnSlGV0kXo"))))==("q2gBUO")))&&(1494449))||("AKWx"))
((((4707472)^((((7292020)+(290))<=(AHWbmra))>(cb45kMrT)))||((((u98LNc6UM9)%(93037))<(aRuukl7kMger))&&((("szcxnybCJarjO2z7d")<=(67))<=(ThD7XpE))))||((((aiFuZ7ccnnjKPt)<(883))|("OYefI3JOjJb8J4CwBp6u"))|(rbojIF97EKYF)))
((((((("VMYLAnFjODxPjDB1vh")-("azge4fDSRMVmZmgJy"))<(7))|(zXEhW708kXZP5ZuU0))|((1444343)<(("oxO")%("a86mMu9wVPY0GdGUpz64"))))&&((((W8plUZcSq9ciT)%(5212724))*(BYyn244NKNW))|(((("2")*(759))<=("dbMlz5Po3ilWyzhHdl0"))<=(mRdfgU))))||(75351))
(((((((((("FS0lMWgvdB88CQXQSQ")>(8999692))>("qxt"))>=((72521)%(18486)))>=(("UX")*("1qnWIDak5hx")))<=("2DFXSDrDqukjG4gYvIhv"))<>(((5272629)-(wXvnh))+(53737)))<>(("ZGlWpGw49")<=(oT5)))<>(EpXyU584pCRA5WpM))||(33536))
(((GMl6dPwR5TLRZRlhSUh)==(((8262525)>(XAEoKNwkf))<=("LRscqcmKH6lkxPq")))&(((iyAHwwKdaFWncDOCY0y)<=((3)-(!(964))))==("AF")))
((("v1IZ")||((8626861)<>(4)))||((((NqwAZ)%("8K2YZS"))+(iB5))&&((Mdc7tvC9OU3vXfqnni)|(((jq)>=((ZZ3NZMYseT4vb0tw)-(((cH1o)*("NdU8yI7SjWUEN"))*(tzd7p))))<=(km98nfRrwfYdOxbiR)))))

