Variable declared "mpJ3q6YMfLP6I8ka" type string
Variable declared "FeW" type int
Variable declared "sm7X" type int
Variable read "FeW" type int
Variable read "FeW" type int
Variable read "FeW" type int
Variable read "FeW" type int
Variable read "FeW" type int
Variable declared "HjpbgPA71GAIISN" type string
Variable declared "CXQid8un" type string
Variable read "sm7X" type int
Variable read "FeW" type int
Variable read "sm7X" type int
Variable read "FeW" type int
Variable read "FeW" type int
Variable read "FeW" type int
Variable read "sm7X" type int
Variable read "sm7X" type int
Variable read "FeW" type int
Variable read "FeW" type int
Variable read "sm7X" type int
Variable read "sm7X" type int
Variable read "sm7X" type int
Variable read "FeW" type int
Variable read "sm7X" type int
Variable read "sm7X" type int
Variable read "sm7X" type int
Variable read "sm7X" type int
Variable read "FeW" type int
Variable read "FeW" type int
Variable read "FeW" type int
Variable read "FeW" type int
Variable read "FeW" type int
Variable read "FeW" type int
Variable read "FeW" type int
Variable read "FeW" type int
Variable read "FeW" type int
Variable read "sm7X" type int
Variable read "FeW" type int
Variable read "sm7X" type int
Variable read "FeW" type int
Variable read "FeW" type int
Variable read "sm7X" type int
Variable written "FeW" type int
Variable read "sm7X" type int
Variable read "sm7X" type int
Variable read "sm7X" type int
Variable read "FeW" type int
Variable read "sm7X" type int
Variable read "sm7X" type int
Variable read "FeW" type int
Variable read "FeW" type int
Variable read "sm7X" type int
Variable read "FeW" type int
Variable read "FeW" type int
Variable read "FeW" type int
Variable read "sm7X" type int
Variable read "sm7X" type int
Variable read "FeW" type int
Variable read "FeW" type int
Variable read "FeW" type int
Variable read "FeW" type int
Variable read "sm7X" type int
Variable written "FeW" type int
Variable written "mpJ3q6YMfLP6I8ka" type string
Variable written "CXQid8un" type string
