Variable declared "s" type string
Function declared "f1" returns int
	Argument "a1" type int
Argument/local read "a1" type int
Argument/local written "a1" type int
Argument/local read "a1" type int
Function declared "f2" returns int
	Argument "a1" type int
	Argument "a2" type string
Argument/local read "a1" type int
Argument/local written "a1" type int
Variable read "s" type string
Argument/local written "a2" type string
Argument/local read "a1" type int
Function declared "f3" returns int
	Argument "a1" type int
	Argument "a2" type string
	Argument "a3" type int
	Argument "a4" type string
Argument/local read "a1" type int
Argument/local written "a1" type int
Variable read "s" type string
Argument/local written "a2" type string
Argument/local read "a1" type int
Argument/local read "a3" type int
Argument/local written "a3" type int
Argument/local read "a2" type string
Argument/local written "a4" type string
Argument/local read "a3" type int
Function declared "f4" returns int
	Argument "a1" type int
	Argument "a2" type string
	Argument "a3" type int
	Argument "a4" type string
	Argument "a5" type int
Argument/local read "a1" type int
Argument/local written "a1" type int
Variable read "s" type string
Argument/local written "a2" type string
Argument/local read "a1" type int
Argument/local read "a3" type int
Argument/local written "a3" type int
Argument/local read "a2" type string
Argument/local written "a4" type string
Argument/local read "a3" type int
Argument/local read "a5" type int
Argument/local written "a5" type int
Argument/local read "a5" type int
Function declared "f5" returns int
	Argument "a1" type int
	Argument "a2" type string
	Argument "a3" type int
	Argument "a4" type string
	Argument "a5" type int
	Argument "a6" type string
Argument/local read "a1" type int
Argument/local written "a1" type int
Variable read "s" type string
Argument/local written "a2" type string
Argument/local read "a1" type int
Argument/local read "a3" type int
Argument/local written "a3" type int
Argument/local read "a2" type string
Argument/local written "a4" type string
Argument/local read "a3" type int
Argument/local read "a5" type int
Argument/local written "a5" type int
Argument/local read "a4" type string
Argument/local written "a6" type string
Argument/local read "a5" type int
Function declared "f6" returns int
	Argument "a1" type int
	Argument "a2" type string
	Argument "a3" type int
	Argument "a4" type string
	Argument "a5" type int
	Argument "a6" type string
	Argument "a7" type int
Argument/local read "a1" type int
Argument/local written "a1" type int
Variable read "s" type string
Argument/local written "a2" type string
Argument/local read "a1" type int
Argument/local read "a3" type int
Argument/local written "a3" type int
Argument/local read "a2" type string
Argument/local written "a4" type string
Argument/local read "a3" type int
Argument/local read "a5" type int
Argument/local written "a5" type int
Argument/local read "a4" type string
Argument/local written "a6" type string
Argument/local read "a5" type int
Argument/local read "a7" type int
Argument/local written "a7" type int
Argument/local read "a7" type int
Function declared "f7" returns int
	Argument "a1" type int
	Argument "a2" type string
	Argument "a3" type int
	Argument "a4" type string
	Argument "a5" type int
	Argument "a6" type string
	Argument "a7" type int
	Argument "a8" type string
Argument/local read "a1" type int
Argument/local written "a1" type int
Variable read "s" type string
Argument/local written "a2" type string
Argument/local read "a1" type int
Argument/local read "a3" type int
Argument/local written "a3" type int
Argument/local read "a2" type string
Argument/local written "a4" type string
Argument/local read "a3" type int
Argument/local read "a5" type int
Argument/local written "a5" type int
Argument/local read "a4" type string
Argument/local written "a6" type string
Argument/local read "a5" type int
Argument/local read "a7" type int
Argument/local written "a7" type int
Variable read "s" type string
Argument/local written "a8" type string
Argument/local read "a7" type int
Function called "f7" returns int
