Function declared "f1" returns int
	Argument "a1" type int
Function declared "f2" returns int
	Argument "a1" type int
	Argument "a2" type string
Function declared "f3" returns int
	Argument "a1" type int
	Argument "a2" type string
	Argument "a3" type int
	Argument "a4" type string
Function declared "f4" returns int
	Argument "a1" type int
	Argument "a2" type string
	Argument "a3" type int
	Argument "a4" type string
	Argument "a5" type int
Function declared "f5" returns int
	Argument "a1" type int
	Argument "a2" type string
	Argument "a3" type int
	Argument "a4" type string
	Argument "a5" type int
	Argument "a6" type string
Function declared "f6" returns int
	Argument "a1" type int
	Argument "a2" type string
	Argument "a3" type int
	Argument "a4" type string
	Argument "a5" type int
	Argument "a6" type string
	Argument "a7" type int
Function declared "f7" returns int
	Argument "a1" type int
	Argument "a2" type string
	Argument "a3" type int
	Argument "a4" type string
	Argument "a5" type int
	Argument "a6" type string
	Argument "a7" type int
	Argument "a8" type string
