Variable declared "s" type string
Function declared "f7" returns int
	Argument "a1" type int
	Argument "a2" type string
	Argument "a3" type int
	Argument "a4" type string
	Argument "a5" type int
	Argument "a6" type string
	Argument "a7" type int
	Argument "a8" type string
	Local variable "l1" type int
Argument/local read "a1" type int
	Local variable "l2" type string
Variable read "s" type string
	Local variable "l3" type int
Argument/local read "l1" type int
Argument/local read "a3" type int
	Local variable "l4" type string
Argument/local read "a2" type string
	Local variable "l5" type int
Argument/local read "a3" type int
Argument/local read "a5" type int
Argument/local read "l3" type int
	Local variable "l6" type string
Argument/local read "a4" type string
	Local variable "l7" type int
Argument/local read "a5" type int
Argument/local read "a7" type int
	Local variable "l8" type string
Variable read "s" type string
Argument/local read "a7" type int
Function called "f7" returns int
