Variable declared "fgtp0EeL2c" type string
Variable declared "QH46tXtiiQY" type string
Variable declared "aaUjNgZkVn3AaXpT" type string
Variable declared "NnGHHA" type string
Variable declared "NFhLS3daONsJUf" type string
Variable written "QH46tXtiiQY" type string
Variable written "NnGHHA" type string
Variable written "NnGHHA" type string
Variable written "aaUjNgZkVn3AaXpT" type string
Variable written "NnGHHA" type string
Variable written "aaUjNgZkVn3AaXpT" type string
Variable written "aaUjNgZkVn3AaXpT" type string
Variable written "fgtp0EeL2c" type string
Variable written "NFhLS3daONsJUf" type string
Variable written "NnGHHA" type string
Variable written "NnGHHA" type string
Variable written "fgtp0EeL2c" type string
Variable written "aaUjNgZkVn3AaXpT" type string
Variable written "NFhLS3daONsJUf" type string
Variable written "fgtp0EeL2c" type string
Variable written "QH46tXtiiQY" type string
Variable written "fgtp0EeL2c" type string
Variable written "QH46tXtiiQY" type string
Variable written "QH46tXtiiQY" type string
Variable written "NFhLS3daONsJUf" type string
Variable written "aaUjNgZkVn3AaXpT" type string
Variable written "fgtp0EeL2c" type string
Variable written "aaUjNgZkVn3AaXpT" type string
Variable written "aaUjNgZkVn3AaXpT" type string
Variable written "aaUjNgZkVn3AaXpT" type string
Variable written "fgtp0EeL2c" type string
Variable written "fgtp0EeL2c" type string
Variable written "NFhLS3daONsJUf" type string
Variable written "QH46tXtiiQY" type string
Variable written "QH46tXtiiQY" type string
Variable written "QH46tXtiiQY" type string
Variable written "NnGHHA" type string
Variable written "aaUjNgZkVn3AaXpT" type string
Variable written "aaUjNgZkVn3AaXpT" type string
Variable written "NFhLS3daONsJUf" type string
Variable written "fgtp0EeL2c" type string
Variable written "NnGHHA" type string
Variable written "NFhLS3daONsJUf" type string
Variable written "NFhLS3daONsJUf" type string
Variable written "NFhLS3daONsJUf" type string
Variable written "aaUjNgZkVn3AaXpT" type string
Variable written "fgtp0EeL2c" type string
Variable written "QH46tXtiiQY" type string
Variable written "fgtp0EeL2c" type string
Variable written "QH46tXtiiQY" type string
Variable written "QH46tXtiiQY" type string
Variable written "fgtp0EeL2c" type string
Variable written "aaUjNgZkVn3AaXpT" type string
Variable written "NFhLS3daONsJUf" type string
Variable written "fgtp0EeL2c" type string
