(((((9)-(6939599))^((((g4uk06Na9KqnNXjy)>(aynbsePIXooIB4pHbFM3))>(!(WP4aLSjmO9tWHNWYZs)))>(15151)))^((("HRpYQIh1R72q5")+(6131816))+("kn7p7dQhDXwyrqwe")))&&(("iMJSaSHm")&(("DGk3bdHjEALRLgp")<>((!(325))+(693)))))
(((((((("cFklO")>(11417))>=("qgWPBK7H4ZjRef"))>=(3262925))>=(RtA))<((NCJNqOt7byIhVR)%(zrE2tkpRjUFVnznwtY)))^(283))^(((((1414148)*(xqvi8g))==(vbnjCK4QheqWhiIzKnAIM))&((PhkXxfoCadDY)-(!("SQ"))))&(2585950)))
((((sm3WP0JZknEpnbJ8v)>=(9))|(((((143)<(629))<>(((9494447)%(S4flP9M8dBxZb982al))*(U95knp)))<>(("ay4VQfsx0")*(3717673)))<>(((435)*(!(JkXe3jCFAfe)))>((8363538)*("iyma4Camdj2A14")))))||((tIWAin)<=(sAAXupy8T1j1wRNdSKG59)))
((((("Yi3Z")%(33034))&&(((jG4y)>=(173))==((9121911)+(662))))&&((723)+(w0c)))||((((("edD8W9MKiOxsCTN1G")+((2)*(2787970)))<(iWkWl5Go))<>((tjvKmcW1Vp)<=(DrAEXHfh7tiBIkmJG0V)))<>(0)))
((((("SEPDipashYs7SuT")&&((88)|(((((QPiQ8gU0KQgtOZtQeh5)*(626769))<>(wPGtPGaR97NV4UJ))<>(("qX")>=("StPZxYVm64ou7H")))^((((OKQtc2V)+(2686266))<>(4171817))&(5)))))||("lOLMr2q8yLZ5jvufb"))||("QpOW2oBbkoc3mdkL"))||(("RxXhm6lYkaDvJD")&&((s2SntgIsT2TsqLd)*("ge8gwU"))))
(((!(7))|((Wh)^((8383334)&(((1)>((uPyKaAc5Z)%(ERuibz)))>("pZpEoO4PcsDgdF8S")))))||(((zoRFIc)<=((uYu8z7qi)-("3I7CYju")))^(("Qm1eFvWkS7IiCFbs")&(lePgkn))))
((!(!(34240)))&&((((((UtVskcYwgEc38ZNPB)>=(931))>=((H23zVIzsKVtTQq7u)%(955)))<>((621)<(19991)))==(JC))^((16760)&(D1JgLyRUgpAP))))
((((((tPqjAzrTxkOS)+(60))<(((7)-((1101412)%(ZgnfJTcehXeW2z6Q8mH)))+("ZQvPv7nQK")))&((39090)+("u9m4DfqLsXcqhsnvsB")))|((("S9KcmOmopMj6xb7aOS")<=((8)+(("yovPPoc6bBjw2uSPz3YU")*(58589))))<=(1525853)))&&(("q")^(("ms7Cko")&(4515153))))
((((VzHudgM)^((((412)>=("p9rnDjC8ZtIE"))<=(69399))&(909294)))||(((64540)<=(354))<>(2969192)))||((((jz3n2Pth)<>(("IzzICzch")<=(SCg5J3WUiOe03)))<>((RiXgmAfE34vLa9)<=("A6Di4ksJ")))&&(((gzzOUoH3pHOBRqvWPr)*(640))&(89490))))
(((((("wvMQ0bcwCevCyx")<>("fWD3"))&((!(lWvYsZKQOR5))==(z1KCuEzdi8X)))|(((YZ7cZ)-((HKv9W3VPhae1sfnEd)%(yq3xbUaqY)))^(((5)>(((4)%("fp3nBeWlhS"))+(29895)))<>(0))))||(("2sLIlJX")==(cWg3FtvtXeVJ5hi)))||("6Scwy4I"))
((((9)&&(((412)==("EfZxwZ3"))^(u7Yset)))&&((((YHSiHxwwEETIvV)*("aNV"))+(3363735))>((rEcv5P0MY)%(C5z))))&&((("mVqAd1c7RGxYWeUtbLxf")^((("5dfmt8CDpsc53KVcWCS")%(61))==((("BN0RZflSqBQ2Oqh")-(58387))>=(56065))))^(582)))
((((332)>(hB83gdxG))|((8939495)>(73432)))||(((("v9")&(((7777173)<>(("bMWzTWyec")-("LNWD7Ih57jQoS")))<>(((8909492)+("qYTgTxLevU"))>(GIGEXaYVmj))))|(1))&&(("qYpe3PUTzB4AcZSLmZ4q")<=(!(Dst1b5EJ)))))
(((((("E")<(("QVNScHJZkRYbPsnHYVlM")%("R5ZqnxJ1ySU3XqhayA")))&((("0CbKkatX")<(8))<>((3222421)>=("kKG7ORBppqUDw"))))&(("6GQTmbos4Q3")<=(xIM6x2vLbHW0bKNK)))||((OH)>("O02UKffJjRfrGYtwjkrJ")))||(((("lr7EmKL")%("le2jiRlh2"))>=("qoi3JHeQr46vz"))==(("jmLd9epN")%("GqagaK"))))
((((("waRhj9UwU9X6i")<=((p08hL68r)-(hgOc90eEns3fLy169s)))>=((patymJCgYBrJC)-("BieipDDvmXZ8ID8jl")))<>(!("qfhCg")))|("jjTmNpPz1JX34STkeC"))
((9989497)&&(((((8)<(!(MZZdiaffQkwHKvtISXILl)))&((("WYHrYWrmV1CqPkL9XJT")<>((4)-("eTQWcA4v0N3")))<>((7)%("4LZ3Q7OE"))))&(hmUBto))&((((Sho284id38cj3Z)+(("tVWjQwzg7VAzw2")%(ekkoFy1eSE1)))-(S80sdxTqP1u9hIe))<>(!(52321)))))
(((((!(Z41h8ZBgtnrF1VSwI))>=((88382)-("kMBYny6HARLYFY")))&(((wyM69XqDV1Yj15Fwp)+("S0AqbU3ztaF6"))<=((6212321)+("EbG1iKaa1lVY9"))))&((215)>=("8JxdiS0cn7gUoEo")))||(((6646263)-(nBcb5bdZsDUIeTQhqmPiH))>=("euoz6PvXQuUBr45LXg")))
(((((82826)<(("wxl")%("5Ihp0ji")))==((zlvsFZOcXwCQF)>=(w1A5EArODq96lk4TnFd)))&&("8ig9Y"))||(((978)<>(((w6OVUPeFBUGDL4tL)*(!(AqtkHj6WTR1gmXkVFg)))>("MSnSv7xFV7LOH89esL")))&&((sBkbkgaYwP8ju8)==("cn"))))
(((((4393636)<>((((FxQNSKEyolGB)<(7))<(ce))<(846)))|((((43737)-(213))>=((LQNv)+(164)))==("T38kHOEYwr7BRmFJLQj")))&&("ULhzUOdU"))&&(9838280))
((((("Bl1wSp")<=(4404348))<=(mZwe0BSNL5VWNH0Uzj))<>(("7LdwUZeSnIoau9p")<("ZaZ")))||((((35553)<>(wRvkuO8TXcpWhZMNBMR))&(((("8tzjbbmUp0OEyoGOuI")%(zSqweW))+("iTTgl"))==(((60)%("OtjufcM"))+(WJljpb8E))))^((6)>((3)-(5292327)))))
(8959598)
((((!("QAJk4Q6fQaAGTtoWTf"))^("B"))&&(gBbaTq1aKR))||((334)<=(wQKsJL38W8)))
((((((ibUjsgmsbTqIGv8EBaWOc)<=(ddcQpHGq1XGmE8lBIS))==(494))&&(88883))&&(((!("ZvHl2GweyawuIFP"))*(4))%(UDChrAHhRaMC)))||(((("BYWSSHTjPDgumTP7O")-("Tr9QLHBrDoHaTT"))&((774)+((76)*(f2I1Lix7))))^(("NPqzLyBb2n4G")==("hk4Q30qOjJZqxw"))))
("bB0Y")
((((((!("mYg0RY56F81Op"))-(783))&&(("pjRkJWTfuU")<((gp2V)%("7RC4D5AkAzCjmn"))))&&(nMkWAR))&&(htli))||((((W6L7LXTMPYZk49)*(9))>=((("lF3eRgOC9")-(I6w))+(tpEG)))>((33734)%("snPi1SwK2aZonYpMhVA"))))
((((((pWc)+("aRx223zrtbz"))^((("G")<>(((GN8SXu43Ai)<("xqWwH58XaCb60a"))<(rw9Y6YEZzGvDm)))&(YNhAc)))^(((iZniGMxaR4QeJs)<=("vzGJpRtKfzUgi8t0Cq1"))<(TrBh2rnM)))&&(4))&&((PfvK)-((570)%(mJBRe7pI))))
(((856)&&((6)&("Xko4H")))&&(((((("koCusBdw5f")==(trybQJPBO))&(((FvrpvFfW5l76fQ)<=("GiO6DF"))<=("Io6vCAwMuc4v")))&("VtafxmGBFtnd4WSk5ACH"))|((axpoeRaHEHuyU)>=(172)))|(("JquMVnKnc6A5eww4Q")+("dW7vk70QO8"))))
(((((2282420)<((787)+("kaHbacioLSB0")))<(((CJmm)*(!("oA6nsfOrRcmn")))-(7202425)))<=(IN3eYJYZ4li3fnYv0LZ))&&((((775)+(4717876))|((("FeEHM")-((8)*(5)))&(4)))|(GJxkN4tBHOrQhR)))
(((!("fX17xQc1mEr"))<>((qGxaAc)%(261)))||((("I")^((!("9NLQE"))&(((slbZSN3MT2Z7q4xQA51z)-("rd2V52vUW9LTTuK"))<(H2aqvOSVM))))&&(("HGPVwOfkAcH")<(761))))
(((((!(Z3a1F8))<((FP)%("OPoGcVjrhyA")))>(xFDeLDm8oI9xngWVcDwC))&(((mDHlVFYMj)<>(((11813)-(5333432))-("e5")))==((wkMV60sD7fpPCR2iA)-(8181216))))&(("9v6W")<>(xipSQ2imkKyuPqnjqld6)))
(((((((F198)+(156))<>(("Qhz7UWBHg0ARbHt0N")-((Hcw8etesdJvpxFMo2j00G)*("cTuxI8r5RRX"))))==(("tCMvRdeF6")>(5)))==("bMwwNigvQPV8f2VH8s0"))&(((42220)+(("3hsSoz7zzoqR")%("2tCpU")))-(NSyjh6i)))||((((463)<(XCOC1u5))==("g5k3feA"))|("GEq4ZAFmfMIpn")))
((((("OcAVKv")+(E8MyD6U))==(4647))^((!(!(28085)))<>((6)*(54145))))&&((!("JjN33mIhXKLLOtC"))^((("RnRP51nb8r7xEC3dBwQS")<(HLbdT5DuohK))>=(8545151))))
(((((("2u7z0u")>=((62722)*("psR7mOMt2piQYpBiW")))<>(WcaKJho9yTbN4YaJFmet))|((2353231)&(5)))&&(vMGP8IxVUZ))&&(("DyfM1o")<=("zvHBI")))
((8)&&(((((Di6slEvkrUbtkBJ)*(KknCQ3LrCmioBnWQ))^(((839)*("L"))*("15gaXfNTpcQHDPxFtcq")))^(("EgQX")*(2)))|((229)&(("74iZmtqN1")<=(((cH5kTJ4mHhln2)-(dr6nOguLZezsIaU))+(R98))))))

