Variable declared "WydA6QTzeYXMrUhF06C3" type int
Variable declared "rarz" type string
Variable declared "eY16o1EyVtUa" type int
Variable read "WydA6QTzeYXMrUhF06C3" type int
Variable read "WydA6QTzeYXMrUhF06C3" type int
Variable read "WydA6QTzeYXMrUhF06C3" type int
Variable read "WydA6QTzeYXMrUhF06C3" type int
Variable read "WydA6QTzeYXMrUhF06C3" type int
Variable read "WydA6QTzeYXMrUhF06C3" type int
Variable read "WydA6QTzeYXMrUhF06C3" type int
Variable declared "YW31phfII3mJWm8ij" type int
Variable read "eY16o1EyVtUa" type int
Variable read "WydA6QTzeYXMrUhF06C3" type int
Variable read "eY16o1EyVtUa" type int
Variable read "eY16o1EyVtUa" type int
Variable read "WydA6QTzeYXMrUhF06C3" type int
Variable read "WydA6QTzeYXMrUhF06C3" type int
Variable read "eY16o1EyVtUa" type int
Variable read "eY16o1EyVtUa" type int
Variable read "eY16o1EyVtUa" type int
Variable declared "FWb" type string
Function declared "Bn66UO" returns string
Variable read "rarz" type string
Function declared "KlespE" returns string
Function declared "eYZCZ3OMbs5JHAG" returns void
Variable read "YW31phfII3mJWm8ij" type int
Variable read "eY16o1EyVtUa" type int
Variable read "eY16o1EyVtUa" type int
Variable read "WydA6QTzeYXMrUhF06C3" type int
Variable written "YW31phfII3mJWm8ij" type int
Function declared "ajg7Tooz48Z" returns void
Variable read "WydA6QTzeYXMrUhF06C3" type int
Variable read "WydA6QTzeYXMrUhF06C3" type int
Variable written "eY16o1EyVtUa" type int
Function declared "F8EInuERQnQG" returns int
Variable read "YW31phfII3mJWm8ij" type int
Variable read "YW31phfII3mJWm8ij" type int
Variable read "eY16o1EyVtUa" type int
Variable read "WydA6QTzeYXMrUhF06C3" type int
Variable read "YW31phfII3mJWm8ij" type int
Variable read "YW31phfII3mJWm8ij" type int
Variable read "WydA6QTzeYXMrUhF06C3" type int
Variable read "YW31phfII3mJWm8ij" type int
Variable read "YW31phfII3mJWm8ij" type int
Variable read "WydA6QTzeYXMrUhF06C3" type int
Variable read "eY16o1EyVtUa" type int
Variable written "eY16o1EyVtUa" type int
Variable read "eY16o1EyVtUa" type int
Variable read "WydA6QTzeYXMrUhF06C3" type int
Variable read "YW31phfII3mJWm8ij" type int
Variable read "YW31phfII3mJWm8ij" type int
Variable read "YW31phfII3mJWm8ij" type int
Variable read "WydA6QTzeYXMrUhF06C3" type int
Variable read "YW31phfII3mJWm8ij" type int
Variable read "WydA6QTzeYXMrUhF06C3" type int
Variable written "WydA6QTzeYXMrUhF06C3" type int
Variable read "YW31phfII3mJWm8ij" type int
Variable read "WydA6QTzeYXMrUhF06C3" type int
Variable read "YW31phfII3mJWm8ij" type int
Variable written "eY16o1EyVtUa" type int
Variable read "eY16o1EyVtUa" type int
Variable read "eY16o1EyVtUa" type int
Variable read "eY16o1EyVtUa" type int
Variable read "YW31phfII3mJWm8ij" type int
Variable read "eY16o1EyVtUa" type int
Variable read "YW31phfII3mJWm8ij" type int
Variable read "eY16o1EyVtUa" type int
Variable read "WydA6QTzeYXMrUhF06C3" type int
Variable written "YW31phfII3mJWm8ij" type int
Variable read "YW31phfII3mJWm8ij" type int
Variable read "eY16o1EyVtUa" type int
Variable read "eY16o1EyVtUa" type int
Variable read "YW31phfII3mJWm8ij" type int
Variable read "YW31phfII3mJWm8ij" type int
Variable read "YW31phfII3mJWm8ij" type int
Variable read "WydA6QTzeYXMrUhF06C3" type int
Variable read "eY16o1EyVtUa" type int
Variable read "WydA6QTzeYXMrUhF06C3" type int
Variable read "eY16o1EyVtUa" type int
Variable written "WydA6QTzeYXMrUhF06C3" type int
