Variable declared "REf231MWgi7u0ImZbJ" type int
Variable declared "k0waJ4wi" type int
Variable read "REf231MWgi7u0ImZbJ" type int
Variable read "REf231MWgi7u0ImZbJ" type int
Variable read "REf231MWgi7u0ImZbJ" type int
Variable read "REf231MWgi7u0ImZbJ" type int
Variable read "REf231MWgi7u0ImZbJ" type int
Variable read "REf231MWgi7u0ImZbJ" type int
Variable read "REf231MWgi7u0ImZbJ" type int
Variable read "REf231MWgi7u0ImZbJ" type int
Variable read "REf231MWgi7u0ImZbJ" type int
Variable read "REf231MWgi7u0ImZbJ" type int
Variable read "REf231MWgi7u0ImZbJ" type int
Variable read "REf231MWgi7u0ImZbJ" type int
Variable declared "WqC9aIu6ldlQZ7Y86PPH" type string
Variable declared "gJKTQbFqNgh9VQJJscYb" type int
Variable read "k0waJ4wi" type int
Variable read "k0waJ4wi" type int
Variable read "REf231MWgi7u0ImZbJ" type int
Variable declared "l4KphZjd4k1H0l9z" type string
Function declared "AQlrTqK04SBbwj" returns string
Variable read "l4KphZjd4k1H0l9z" type string
Variable written "l4KphZjd4k1H0l9z" type string
Function declared "ahBygdx4" returns int
Variable read "REf231MWgi7u0ImZbJ" type int
Variable read "REf231MWgi7u0ImZbJ" type int
Variable read "REf231MWgi7u0ImZbJ" type int
Variable read "gJKTQbFqNgh9VQJJscYb" type int
Variable read "gJKTQbFqNgh9VQJJscYb" type int
Variable read "gJKTQbFqNgh9VQJJscYb" type int
Variable read "gJKTQbFqNgh9VQJJscYb" type int
Variable read "gJKTQbFqNgh9VQJJscYb" type int
Variable read "REf231MWgi7u0ImZbJ" type int
Variable read "gJKTQbFqNgh9VQJJscYb" type int
Variable read "k0waJ4wi" type int
Variable read "k0waJ4wi" type int
Variable read "gJKTQbFqNgh9VQJJscYb" type int
Variable read "gJKTQbFqNgh9VQJJscYb" type int
Variable read "REf231MWgi7u0ImZbJ" type int
Variable read "REf231MWgi7u0ImZbJ" type int
Variable read "gJKTQbFqNgh9VQJJscYb" type int
Variable read "REf231MWgi7u0ImZbJ" type int
Variable read "k0waJ4wi" type int
Variable read "REf231MWgi7u0ImZbJ" type int
Variable read "REf231MWgi7u0ImZbJ" type int
Variable read "REf231MWgi7u0ImZbJ" type int
Variable read "gJKTQbFqNgh9VQJJscYb" type int
Variable read "k0waJ4wi" type int
Variable read "gJKTQbFqNgh9VQJJscYb" type int
Variable read "gJKTQbFqNgh9VQJJscYb" type int
Variable read "gJKTQbFqNgh9VQJJscYb" type int
Variable read "k0waJ4wi" type int
Variable read "REf231MWgi7u0ImZbJ" type int
Variable read "REf231MWgi7u0ImZbJ" type int
Variable read "gJKTQbFqNgh9VQJJscYb" type int
Variable read "REf231MWgi7u0ImZbJ" type int
Function declared "fcJLquLhJQmO" returns string
Variable written "WqC9aIu6ldlQZ7Y86PPH" type string
Function declared "OXihidk4Oy" returns void
Function declared "LkMX" returns string
Variable written "l4KphZjd4k1H0l9z" type string
Variable read "k0waJ4wi" type int
Variable read "k0waJ4wi" type int
Variable read "REf231MWgi7u0ImZbJ" type int
Variable read "gJKTQbFqNgh9VQJJscYb" type int
Variable read "REf231MWgi7u0ImZbJ" type int
Variable read "k0waJ4wi" type int
Variable written "gJKTQbFqNgh9VQJJscYb" type int
Variable read "gJKTQbFqNgh9VQJJscYb" type int
Variable read "gJKTQbFqNgh9VQJJscYb" type int
Variable read "gJKTQbFqNgh9VQJJscYb" type int
Variable read "gJKTQbFqNgh9VQJJscYb" type int
Variable read "k0waJ4wi" type int
Variable read "gJKTQbFqNgh9VQJJscYb" type int
Variable read "REf231MWgi7u0ImZbJ" type int
Variable read "k0waJ4wi" type int
Variable read "gJKTQbFqNgh9VQJJscYb" type int
Variable read "REf231MWgi7u0ImZbJ" type int
Variable read "gJKTQbFqNgh9VQJJscYb" type int
Variable read "k0waJ4wi" type int
Variable read "k0waJ4wi" type int
Variable read "k0waJ4wi" type int
Variable read "REf231MWgi7u0ImZbJ" type int
Variable read "k0waJ4wi" type int
Variable read "REf231MWgi7u0ImZbJ" type int
Variable read "gJKTQbFqNgh9VQJJscYb" type int
Variable read "k0waJ4wi" type int
Variable written "REf231MWgi7u0ImZbJ" type int
Variable read "gJKTQbFqNgh9VQJJscYb" type int
Variable read "k0waJ4wi" type int
Variable read "REf231MWgi7u0ImZbJ" type int
Variable read "gJKTQbFqNgh9VQJJscYb" type int
Variable read "REf231MWgi7u0ImZbJ" type int
Variable read "gJKTQbFqNgh9VQJJscYb" type int
Variable read "k0waJ4wi" type int
Variable read "gJKTQbFqNgh9VQJJscYb" type int
Variable read "REf231MWgi7u0ImZbJ" type int
Variable read "gJKTQbFqNgh9VQJJscYb" type int
Variable read "gJKTQbFqNgh9VQJJscYb" type int
Variable read "gJKTQbFqNgh9VQJJscYb" type int
Variable read "k0waJ4wi" type int
Variable read "k0waJ4wi" type int
Variable read "k0waJ4wi" type int
Variable read "REf231MWgi7u0ImZbJ" type int
Variable read "gJKTQbFqNgh9VQJJscYb" type int
Variable read "k0waJ4wi" type int
Variable read "gJKTQbFqNgh9VQJJscYb" type int
Variable read "gJKTQbFqNgh9VQJJscYb" type int
Variable read "gJKTQbFqNgh9VQJJscYb" type int
Variable read "gJKTQbFqNgh9VQJJscYb" type int
Variable read "gJKTQbFqNgh9VQJJscYb" type int
Variable read "gJKTQbFqNgh9VQJJscYb" type int
Variable read "REf231MWgi7u0ImZbJ" type int
Variable read "k0waJ4wi" type int
