Function declared "f" returns void
	Local variable "i1" type int
	Local variable "s1" type string
	Local variable "i2" type int
	Local variable "s2" type string
	Local variable "i3" type int
	Local variable "s3" type string
	Local variable "i4" type int
Argument/local read "s2" type string
Argument/local written "s1" type string
Argument/local written "s2" type string
Argument/local written "i1" type int
Argument/local read "i2" type int
Argument/local written "i2" type int
Argument/local read "i3" type int
Argument/local written "i3" type int
