((((((((DFd9g3S2jpjMj0XQf)%("N7BXfgymatR3T9c67j"))<=("jrZDx"))&(("5Zdx741GZtSE")%(DMMfktMJKL0vCy)))&(((724)*(6))*(HYlkW4InVJs7OiQn3)))&("TuTsPr6dblf3hcjP"))^(mbK9mifLk6apptGyx1))||(((Sj6eiAFJZmcCPUlF7)<=(vtmoWsh2IEigEj))&(((maR7QT7TiqzsfN)*(4))+((645)*(oiPQRPmN1yo3itmyJn1)))))
(HWBH5A3fNan7tGfTdY)
(((("mbRcXsaN")==(("J5k6dVP")%(427)))^((0)&((!("t8q0I2Ly6"))%(qyvt2rt))))&&((XYUE)>(!("nC9ItLYu5M"))))
(((((fZ)+("1UsJEM4nDlWqwo"))<>((0)-("6")))&&((0)|((("x")>=("1"))^(45658))))||(((!("2b"))==(("WYie3")-(YzHj5Wb)))|((("6x")-(320))<(172))))
(((("zNk2x3lYq4A6JB")^((((9222226)<("0Z7RiBJ69zfg9fAYv"))&(s3fS75mAxVqT8))&((("uTiTuug")%(hFAAVYpW4jdhLU3U))<(!(aD2ZTEVCXsEjV9hOSs0)))))||(7777574))||(("oTLuwq7JRfrk9t")&(SETT)))
(((((QHjAJNC4vCRrw)*("c5qJqDj"))>(9535051))<("A6wot5fM3"))||((((edMqPuBan)==(MW))&&(V7IzHaG))&&((((295)==((wM)>(ujJIpGfUqHc4ymbGLgK)))==((GY)-(chNuXzWny)))==("asaA1z5OEJY2W"))))
((377)^((((((17670)+((TnFSHjR2790ArjG2V)%(EuICPh8tja8)))<(1))<("n9h4JKc"))>(((1989293)%(46062))%(oZ0UfmX3e7s3G)))<>(((2343933)<=(!(JrU9mvWMZ1FEOtY)))>((!(8))%(537)))))
(((((Yn7uq59XUyxaDngh91)*(bMa))<("L3MoCmJ2zsdUJzHZAdvs"))^(((359)<=(458))==(("SrinkcE13CTmLbct")<=(("xZK6lCkHDukxbBzHzfom")-(("AZAodW4UFBN3")*(35658))))))||((((("lUYvVwiy5xpkiAdHOS6")%(52329))<=(93832))<(365))==((9191218)>=(GbVzk8sSrNXEBugxpY))))
(((((rOnlH3VO8OMe0g25O)>(626))==(PPL51vXJsR))&(VHbBLZqMm2WhTqk4Vo))|(((("1tOYEQLe0b2nBFTL")%(932))<>(847))^(((28081)>=(!(9)))==(("A4w2BNv5HBGMsYSGt0kt")+(2)))))
(((((!(ElpS468UpZAHQU))<>(6))&&(("YpByM9qKn3TTy")-("L8Qj8j9UVgbPNo")))||(((934)>((888)%(YO5oO7Eq5vSQMF)))<>(((0)+("6q2RseRcttFnZU"))<=("XM0lRQT7"))))||((((fbNlEwObjiyJtV)*(kazpfm7Uz5rO1XF))<("xNclWxa"))|(!(gQF5))))
(("dIb5FH")|((((((("yTFS8UsLRlVvxMiXzZlo")%("mZMcz4UH"))>(pUWmjL5Kg0PcR))<=(feNnuTDkWkexYP71fj))>("PQENWp0v4saWse9"))<=(K6da6))<>((((SEDlVXs7408Lfmg)%(8787179))>((vY8cMvc4MDZHsHEgfL)*("yINOvvhqbvpH")))>("bu0g"))))
(((((17376)&(t9z5KAvtmTUpKEm9m5E))&(((rvsXDUVb6GrJvta)%(5))%("4dMOe0sS6d80Mswylhj")))&(((NpDPu95RXKMq5E53y)%(530))-(b8zc)))||((97179)&&((((4808881)>=("iktkNL4GOsoNydzw"))<=("IWP"))|("eZBjpCw"))))
((((("gC2JRzuYZHfqoPMdk")<(mvEfD5rmljXGWOn1nFggY))>((qehnSk9r2ZcvXlSnGAU)-("5fekLbQC8d65olt")))<=(432))||((64448)|((((xXZcDogffY6)<((toZs1u4AW9WtC)-(uM9JvVMmnD)))<>(((S3oQ)%(890))>=(140)))<>((9959091)<=(!(4))))))
(((("2xFcdZfGybHpspWaaC")^(88884))|(35351))&&(((((((fAHwU)+(!(sb4X5)))-(96969))+(!(!(60))))+("YuCba5NJmqouwzSMDmn"))>=(0))&((707076)>("Fi8Z0"))))
(((TDFKI4j)+("n"))|(((("iS")-((2223)*("wMg5MsmZwdvtOUbhf0")))&("mT73ipVLv6zR9lz13r7"))^((220)&((((722)-(tTXCambktR5sAhLhD1s))<=(("9vF8P5")-(sZRJYNlaVY)))==((((75454)<(("DN5ex")*(0)))>(133))<=("SzHQzeSwCZYqaLMUJn"))))))
(((((75658)<>(vd))&("EnhXvCLz"))&&(("7eLBnQmXDyiI")&((((!(2329))%("McodYG"))+(12025))<>(dcYLRWsgYflEXGR6))))||((((zL3TCLCY2L7RH)==((("214TKr")%("agmq61UCah"))<=((CxO6LBIFMfXgtWT)*(uIO7fOsL4EWZriv))))==(0))|(5)))
((((bRE0cQKCNf9E)*(79290))&(l1B3q4KGyQjlI3ysXpwn))||((("z56gR")&&((("r71")%(1))<(97076)))&&(((j2gK2t0TudtBD18)>=("aH8R3kBwZEuS"))|(((99594)==(((676)<=((653)+("yh8MVMHZxer354UMY")))>(9)))<>(("0YCoj9N6igd")*(nUONPpEzJIpL9Yf))))))
((((!(NTCFdbUbDZGNkP))+(kj))<>(((57)<("F"))>(18587)))|((N52LlbtdiOLnhz)^(((C57TMkqfi1fS0F)>(("zdR")%(1)))&((("VFnGFTOGdXhDJNUbB")<=(((19999)-(DOnlFPCIdRy1cmCUB))-(HXWIh1mXCbVfRGnG)))<(4111613)))))

