((((((559)&(6898987))&((y0s4fvOH2gj06ODd1)>=(42023)))^((((4)>(796))>=(uF2vHagqUvOaLTAWGzSlN))==(x9JAi22ww7heGLg5cCVZL)))^((6141413)>(7888388)))|((tdqaAhxTYWr)>(("GRnrmPZ4y4")%(!("p")))))
((((YlurbHgLmCVCI6MHga)<("m6Dj5rNPTlhk"))&&(qn0tYOjiVh52n))&&(((("zmG")<((((!("2WoMahmMWnDAWLBsg"))+(95351))-(vDRPWvVzPCrTqQPR4a))-(((8)%(512))%(7))))>(((12023)*(329))%(SuS3TNkhiJQ)))<>(5)))
((((oKFa3jQYLcGW)<>((3)-("jF4oSDVHpwE6sq")))|(((2838284)-("3X"))&("8pMIHYsHikbVgEU9")))&&((("UE1RfKOxkiOUbvgCIFC")%(YD5rmSLQpykoueARpb2r))&(((((ERoFJTJtkTT)-(w8ccLbfBAR6Kgi))<("CYeuPFUB"))<>("Obn5"))<>(("97xEiXYDRXhDZbz27Y7")<=(88781)))))
(((!(81413))&&((((("gDARil7v8k1ZtB")+("egnAC"))<=("439QE3MHgdPT5C0iz7a"))>(8))&(("KFKHJJ")>=(takPkYkYgVhu))))||((((!(3676762))-(3252426))-(!("gx")))==("dck9xgzhOIa5SE1k")))
(((((!(FbClkXxUOsqhOIz74CRZ))%("eVnOwEKAskiS"))-("J7A3Ed2K"))&(!(91)))^("lEtDmKR88PSjS"))
(((36160)||(ex3cd2CTJgqN4sgWgCqN))||(((gH5ADVLXjw)*(0))&((((Tv47JUbwOMxliKV5m)*("4Kf"))-((NwiYygBiR3uJmW8hR362)*("oXev5FfSeTcFMVwaRrM")))==((("n84nNBB6cWYO")>=((vfXDrWXGtYi8IRY9iu)-(64141)))>(772)))))
(((!("rDLIiRjlYCx6m5HZEhc"))<("x3D"))||((((((9585951)+("n"))^(UhMBfAJ6a))|(((("8sWi4gf4L7a")%(aBZZen))<=(pMgOKUCXVv74oTirAN))&((ggxej78IdqJd1)*(28287))))&&(("anv5bTOrnc")*(18582)))&&(u2wXoXblCofG)))
(((("0MFYSR6GeaS")<(aHvOI9Ux0HHea))&(("9vXk4bzeuqtzyl")>=("4hF6U2UD2zIcW3o26Es")))&&(((((("ku5YuLCU0sK")%("AamUY"))^(22128))^((qMqllRuYiGB5qAdCmW)==(!(L8DK0IilAY8FAotSd4fja))))|(("D")*(XNM3zBAdNH6QMyaZ20uU)))|(("BhT4fiXYroLz")^((("PK8YPIZ7KkPSXMCOgL")%("TOQpbI0OGDjNL"))+(WOTrZkDB3y)))))
(((((2989091)<>("WBFbnGrWG4WduA"))&(1))&&((keSqiV4th4m)|(((EaYosjsZdYI)>=(67977))<>(14742))))&&(((6969791)==((((("89HrmVbzz8KQooQ")-(5057))-(HT6g))>(("g")+(0)))>=((MFVNTrmS7DS)*("YHS"))))==(vl1RW8SNpt)))
((((((!("cN0oxmIxa"))<(389))<("ylsq0e7"))||("Zk3x4bLHnxWD5eN8h4z"))||("JZxPrkZlOsU"))||(((("u3007EttmogSln")^((("3DmwCGM")<("Y"))&(xwP51CkTMgAGRBucCg4Z)))|(zSQPInbZfmtFVo5E5))|((642)*("2PdJMoVqD1"))))
((453)||((((((9343333)>(("hWkhICzm0yH")-(ywdcs8zqLIBf)))<=("XJeaYKGH"))>=((488)-("zbB")))^((7)%(!(29394))))&&((((21512)-((eWikI)*(264)))>(5))==(JsBSaEnvF1S))))
((!(JO2enLQmj2QJMIqN65mH))&&(((("Hx5z5aSIlPvdAbK9FrUe")-(((!("3RRz6VmD8nu"))*("rAlZhp2d5"))*("gv")))<("Jc"))<(dfRVZccUbpNDG1Ec)))
(((((259)>=(("JamTe")-(187)))&(41711))&&(((2)>=((B51fNY2IP7lx9eXie)+("jXQD57j4z08sk4PB7dj9")))^(fNpWd7mTQ)))&&(((!("FK1zX"))<((8434143)+("wptDdV3dR")))^(3515352)))
((((575057)^(8))||(JdvzvwwOw1FtS))||((6606867)<=(("Tf6WhLOEq6JE")+(MZAAPDWaj6CvPv31))))
((((((((!(Az2IA1H0JT))<(3))<("FIQw3jhom"))&(("wL")%("dmGUGBGLNmP0C")))^("gqJrWE9"))^((Nt5KKHhXA3)<>(Rd)))|(("e")<=(5535554)))&&(1141314))
((((!(ifjc))>(724))&&(815))&&(((("SFaP4IC8MbmOcyr8JL")-(LbSNeiX))&("Jm7D6vLZky"))^(A8RxgkNI7X6WVr3ly)))
((((txCgVCWTBJpNrdCv)<>((1656361)>=(((iEYsjw0xBzDO)-(847))-("Gm0vwkUR21PTGOlm"))))&&((sU)|("B0Tfr7lSoWh6jsbFOy28")))||(((("ILVUWmX5wT4Ma")%(ObYd))<=((886)+(987)))>((("dn2QPEOPmWKLIZV4oK5W")-("YTxqb2dcfZKxCqe5"))+(!(314)))))

