Variable declared "f" type int
Variable declared "f1" type int
Variable declared "f2" type int
Variable declared "f3" type int
Variable declared "f4" type int
Variable declared "f5" type int
Variable declared "f6" type int
Variable declared "f7" type int
Variable declared "f8" type int
Variable declared "f9" type int
Function declared "f" returns int
Function declared "f1" returns int
Function declared "f2" returns int
Function declared "f3" returns int
Function declared "f4" returns int
Function declared "f5" returns int
Function declared "f6" returns int
Function declared "f7" returns int
Function declared "f8" returns int
Function declared "f9" returns int
