Variable declared "eZ7NoaPYlkkLuo5E" type int
Variable declared "k2O6nc0ieKRNBRNoS" type string
Variable declared "tNjn19lagnz" type int
Variable read "eZ7NoaPYlkkLuo5E" type int
Variable read "eZ7NoaPYlkkLuo5E" type int
Variable read "eZ7NoaPYlkkLuo5E" type int
Variable read "eZ7NoaPYlkkLuo5E" type int
Variable read "eZ7NoaPYlkkLuo5E" type int
Variable read "eZ7NoaPYlkkLuo5E" type int
Variable read "eZ7NoaPYlkkLuo5E" type int
Variable declared "FT37W" type int
Variable read "tNjn19lagnz" type int
Variable read "tNjn19lagnz" type int
Variable read "eZ7NoaPYlkkLuo5E" type int
Variable read "tNjn19lagnz" type int
Variable read "tNjn19lagnz" type int
Variable declared "fkCyIw3pDGcNocSrGGUs" type int
Variable read "eZ7NoaPYlkkLuo5E" type int
Variable read "FT37W" type int
Variable read "eZ7NoaPYlkkLuo5E" type int
Variable read "eZ7NoaPYlkkLuo5E" type int
Variable read "FT37W" type int
Variable read "FT37W" type int
Variable read "eZ7NoaPYlkkLuo5E" type int
Function declared "o1yLsYP5xaw" returns int
Variable read "tNjn19lagnz" type int
Variable read "tNjn19lagnz" type int
Variable read "eZ7NoaPYlkkLuo5E" type int
Variable read "fkCyIw3pDGcNocSrGGUs" type int
Variable read "fkCyIw3pDGcNocSrGGUs" type int
Variable read "tNjn19lagnz" type int
Function declared "mG0" returns int
Variable read "FT37W" type int
Variable read "tNjn19lagnz" type int
Variable read "fkCyIw3pDGcNocSrGGUs" type int
Function declared "ShXTcLKykR" returns void
Variable read "tNjn19lagnz" type int
Variable read "fkCyIw3pDGcNocSrGGUs" type int
Variable read "FT37W" type int
Variable read "FT37W" type int
Variable read "fkCyIw3pDGcNocSrGGUs" type int
Variable read "fkCyIw3pDGcNocSrGGUs" type int
Variable read "fkCyIw3pDGcNocSrGGUs" type int
Variable read "FT37W" type int
Variable read "tNjn19lagnz" type int
Variable read "eZ7NoaPYlkkLuo5E" type int
Variable read "fkCyIw3pDGcNocSrGGUs" type int
Variable read "tNjn19lagnz" type int
Variable read "fkCyIw3pDGcNocSrGGUs" type int
Function declared "em6ape6j" returns int
Variable read "FT37W" type int
Variable read "FT37W" type int
Variable read "tNjn19lagnz" type int
Variable read "fkCyIw3pDGcNocSrGGUs" type int
Variable read "tNjn19lagnz" type int
Variable read "fkCyIw3pDGcNocSrGGUs" type int
Variable read "fkCyIw3pDGcNocSrGGUs" type int
Variable read "tNjn19lagnz" type int
Variable read "eZ7NoaPYlkkLuo5E" type int
Variable read "eZ7NoaPYlkkLuo5E" type int
Variable read "eZ7NoaPYlkkLuo5E" type int
Variable read "tNjn19lagnz" type int
Variable read "tNjn19lagnz" type int
Function declared "jM77YzZPUEKVg" returns void
Variable read "fkCyIw3pDGcNocSrGGUs" type int
Variable read "tNjn19lagnz" type int
Variable read "eZ7NoaPYlkkLuo5E" type int
Variable read "FT37W" type int
Variable read "tNjn19lagnz" type int
Variable read "tNjn19lagnz" type int
Variable read "fkCyIw3pDGcNocSrGGUs" type int
Variable read "eZ7NoaPYlkkLuo5E" type int
Variable read "FT37W" type int
Variable read "tNjn19lagnz" type int
Variable read "FT37W" type int
Variable read "tNjn19lagnz" type int
Variable read "eZ7NoaPYlkkLuo5E" type int
Variable written "k2O6nc0ieKRNBRNoS" type string
Variable read "k2O6nc0ieKRNBRNoS" type string
Variable written "k2O6nc0ieKRNBRNoS" type string
Variable read "k2O6nc0ieKRNBRNoS" type string
Variable written "k2O6nc0ieKRNBRNoS" type string
Variable written "k2O6nc0ieKRNBRNoS" type string
Variable read "FT37W" type int
Variable read "tNjn19lagnz" type int
Variable read "FT37W" type int
